// Jest Snapshot v1, https://goo.gl/fbAQLP

exports[`CustomTabBar renders correctly 1`] = `
<View
  style={
    {
      "alignItems": "center",
      "bottom": 32,
      "left": 0,
      "position": "absolute",
      "right": 0,
      "zIndex": 99,
    }
  }
>
  <View
    style={
      {
        "alignItems": "center",
        "alignSelf": "center",
        "backgroundColor": "#FFFFFF",
        "borderRadius": 50,
        "elevation": 10,
        "flexDirection": "row",
        "justifyContent": "space-around",
        "paddingVertical": 10,
        "shadowColor": "#000",
        "shadowOffset": {
          "height": 4,
          "width": 0,
        },
        "shadowOpacity": 0.08,
        "shadowRadius": 16,
        "width": 375,
      }
    }
  >
    <View
      accessibilityRole="button"
      accessibilityState={
        {
          "busy": undefined,
          "checked": undefined,
          "disabled": undefined,
          "expanded": undefined,
          "selected": true,
        }
      }
      accessibilityValue={
        {
          "max": undefined,
          "min": undefined,
          "now": undefined,
          "text": undefined,
        }
      }
      accessible={true}
      collapsable={false}
      focusable={true}
      onClick={[Function]}
      onResponderGrant={[Function]}
      onResponderMove={[Function]}
      onResponderRelease={[Function]}
      onResponderTerminate={[Function]}
      onResponderTerminationRequest={[Function]}
      onStartShouldSetResponder={[Function]}
      style={
        {
          "alignItems": "center",
          "flex": 1,
          "justifyContent": "center",
          "opacity": 1,
          "paddingVertical": 2,
        }
      }
    >
      <Ionicons
        color="#EC537E"
        name="paw"
        size={24}
      />
    </View>
    <View
      accessibilityRole="button"
      accessibilityState={
        {
          "busy": undefined,
          "checked": undefined,
          "disabled": undefined,
          "expanded": undefined,
          "selected": undefined,
        }
      }
      accessibilityValue={
        {
          "max": undefined,
          "min": undefined,
          "now": undefined,
          "text": undefined,
        }
      }
      accessible={true}
      collapsable={false}
      focusable={true}
      onClick={[Function]}
      onResponderGrant={[Function]}
      onResponderMove={[Function]}
      onResponderRelease={[Function]}
      onResponderTerminate={[Function]}
      onResponderTerminationRequest={[Function]}
      onStartShouldSetResponder={[Function]}
      style={
        {
          "alignItems": "center",
          "flex": 1,
          "justifyContent": "center",
          "opacity": 1,
          "paddingVertical": 2,
        }
      }
    >
      <Ionicons
        color="#434141"
        name="chatbubble-outline"
        size={24}
      />
    </View>
    <View
      accessibilityRole="button"
      accessibilityState={
        {
          "busy": undefined,
          "checked": undefined,
          "disabled": undefined,
          "expanded": undefined,
          "selected": undefined,
        }
      }
      accessibilityValue={
        {
          "max": undefined,
          "min": undefined,
          "now": undefined,
          "text": undefined,
        }
      }
      accessible={true}
      collapsable={false}
      focusable={true}
      onClick={[Function]}
      onResponderGrant={[Function]}
      onResponderMove={[Function]}
      onResponderRelease={[Function]}
      onResponderTerminate={[Function]}
      onResponderTerminationRequest={[Function]}
      onStartShouldSetResponder={[Function]}
      style={
        {
          "alignItems": "center",
          "flex": 1,
          "justifyContent": "center",
          "opacity": 1,
          "paddingVertical": 2,
        }
      }
    >
      <Ionicons
        color="#434141"
        name="person-outline"
        size={24}
      />
    </View>
  </View>
</View>
`;
