// Jest Snapshot v1, https://goo.gl/fbAQLP

exports[`Headers renders correctly 1`] = `
<View
  style={
    {
      "alignItems": "center",
      "alignSelf": "center",
      "backgroundColor": "#F2F2F7",
      "borderRadius": 32,
      "flexDirection": "row",
      "height": 40,
      "justifyContent": "space-between",
      "padding": 4,
      "width": 80,
    }
  }
>
  <View
    accessibilityState={
      {
        "busy": undefined,
        "checked": undefined,
        "disabled": undefined,
        "expanded": undefined,
        "selected": undefined,
      }
    }
    accessibilityValue={
      {
        "max": undefined,
        "min": undefined,
        "now": undefined,
        "text": undefined,
      }
    }
    accessible={true}
    collapsable={false}
    focusable={true}
    onClick={[Function]}
    onResponderGrant={[Function]}
    onResponderMove={[Function]}
    onResponderRelease={[Function]}
    onResponderTerminate={[Function]}
    onResponderTerminationRequest={[Function]}
    onStartShouldSetResponder={[Function]}
    style={
      {
        "alignItems": "center",
        "backgroundColor": "#FFFFFF",
        "borderRadius": 16,
        "elevation": 4,
        "height": 32,
        "justifyContent": "center",
        "opacity": 1,
        "shadowColor": "#000",
        "shadowOffset": {
          "height": 2,
          "width": 0,
        },
        "shadowOpacity": 0.15,
        "shadowRadius": 4,
        "width": 32,
      }
    }
  >
    <View
      color="#EC537E"
      name="flame"
      size={20}
    />
  </View>
  <View
    accessibilityState={
      {
        "busy": undefined,
        "checked": undefined,
        "disabled": undefined,
        "expanded": undefined,
        "selected": undefined,
      }
    }
    accessibilityValue={
      {
        "max": undefined,
        "min": undefined,
        "now": undefined,
        "text": undefined,
      }
    }
    accessible={true}
    collapsable={false}
    focusable={true}
    onClick={[Function]}
    onResponderGrant={[Function]}
    onResponderMove={[Function]}
    onResponderRelease={[Function]}
    onResponderTerminate={[Function]}
    onResponderTerminationRequest={[Function]}
    onStartShouldSetResponder={[Function]}
    style={
      {
        "alignItems": "center",
        "borderRadius": 16,
        "height": 32,
        "justifyContent": "center",
        "opacity": 1,
        "width": 32,
      }
    }
  >
    <View
      color="#BFBFC0"
      name="star"
      size={20}
    />
  </View>
</View>
`;
